// Jest Snapshot v1, https://goo.gl/fbAQLP

exports[`SelectComponent should render the select component 1`] = `
Object {
  "asFragment": [Function],
  "baseElement": <body>
    <div>
      <div>
        <label
          for="selectOption"
          style="display: block;"
        >
          Select a variant
        </label>
        <select
          class="sc-aXZVg bcxOaR"
          id="selectOption"
        >
          <option
            style="display: none;"
            value=""
          >
            Variant 1
          </option>
          <option
            value="1"
          >
            Variant 1
          </option>
          <option
            value="2"
          >
            Variant 2
          </option>
          <option
            value="3"
          >
            Variant 3
          </option>
        </select>
      </div>
    </div>
  </body>,
  "container": <div>
    <div>
      <label
        for="selectOption"
        style="display: block;"
      >
        Select a variant
      </label>
      <select
        class="sc-aXZVg bcxOaR"
        id="selectOption"
      >
        <option
          style="display: none;"
          value=""
        >
          Variant 1
        </option>
        <option
          value="1"
        >
          Variant 1
        </option>
        <option
          value="2"
        >
          Variant 2
        </option>
        <option
          value="3"
        >
          Variant 3
        </option>
      </select>
    </div>
  </div>,
  "debug": [Function],
  "findAllByAltText": [Function],
  "findAllByDisplayValue": [Function],
  "findAllByLabelText": [Function],
  "findAllByPlaceholderText": [Function],
  "findAllByRole": [Function],
  "findAllByTestId": [Function],
  "findAllByText": [Function],
  "findAllByTitle": [Function],
  "findByAltText": [Function],
  "findByDisplayValue": [Function],
  "findByLabelText": [Function],
  "findByPlaceholderText": [Function],
  "findByRole": [Function],
  "findByTestId": [Function],
  "findByText": [Function],
  "findByTitle": [Function],
  "getAllByAltText": [Function],
  "getAllByDisplayValue": [Function],
  "getAllByLabelText": [Function],
  "getAllByPlaceholderText": [Function],
  "getAllByRole": [Function],
  "getAllByTestId": [Function],
  "getAllByText": [Function],
  "getAllByTitle": [Function],
  "getByAltText": [Function],
  "getByDisplayValue": [Function],
  "getByPlaceholderText": [Function],
  "getByRole": [Function],
  "getByTestId": [Function],
  "getByText": [Function],
  "getByTitle": [Function],
  "queryAllByAltText": [Function],
  "queryAllByDisplayValue": [Function],
  "queryAllByLabelText": [Function],
  "queryAllByPlaceholderText": [Function],
  "queryAllByRole": [Function],
  "queryAllByTestId": [Function],
  "queryAllByText": [Function],
  "queryAllByTitle": [Function],
  "queryByAltText": [Function],
  "queryByDisplayValue": [Function],
  "queryByLabelText": [Function],
  "queryByPlaceholderText": [Function],
  "queryByRole": [Function],
  "queryByTestId": [Function],
  "queryByText": [Function],
  "queryByTitle": [Function],
  "rerender": [Function],
  "unmount": [Function],
}
`;
