// Jest Snapshot v1, https://goo.gl/fbAQLP

exports[`ProductComponent renders product title, image, description, variant selector and price 1`] = `
Object {
  "asFragment": [Function],
  "baseElement": <body>
    <div>
      <div
        class="sc-gEvEer fKUqjm"
      >
        <div
          style="margin-bottom: 10px;"
        >
          <img
            class="sc-eqUAAy hdyIrO"
            loading="lazy"
            src="https://example.com/image.jpg"
          />
          <div
            class="sc-kAyceB ctPBcu"
          />
          <div
            class="sc-iGgWBj bJOxaZ"
          >
            Product Title
          </div>
          <div>
            <label
              for="selectOption"
              style="display: block;"
            >
              Select a variant
            </label>
            <select
              class="sc-aXZVg bcxOaR"
              id="selectOption"
            >
              <option
                style="display: none;"
                value=""
              >
                Variant 1
              </option>
              <option
                value="Variant 1"
              >
                Variant 1
              </option>
              <option
                value="Variant 2"
              >
                Variant 2
              </option>
            </select>
          </div>
        </div>
        <div
          class="sc-fqkvVR gGlEgu"
        >
          <div
            class="sc-dcJsrY gzIXVR"
          >
            Product Description
          </div>
          <div
            class="sc-imWYAI iLrRnI"
          >
            <button
              class="sc-gsFSXq bNPfJT"
            >
               Buy $100
            </button>
          </div>
        </div>
      </div>
    </div>
  </body>,
  "container": <div>
    <div
      class="sc-gEvEer fKUqjm"
    >
      <div
        style="margin-bottom: 10px;"
      >
        <img
          class="sc-eqUAAy hdyIrO"
          loading="lazy"
          src="https://example.com/image.jpg"
        />
        <div
          class="sc-kAyceB ctPBcu"
        />
        <div
          class="sc-iGgWBj bJOxaZ"
        >
          Product Title
        </div>
        <div>
          <label
            for="selectOption"
            style="display: block;"
          >
            Select a variant
          </label>
          <select
            class="sc-aXZVg bcxOaR"
            id="selectOption"
          >
            <option
              style="display: none;"
              value=""
            >
              Variant 1
            </option>
            <option
              value="Variant 1"
            >
              Variant 1
            </option>
            <option
              value="Variant 2"
            >
              Variant 2
            </option>
          </select>
        </div>
      </div>
      <div
        class="sc-fqkvVR gGlEgu"
      >
        <div
          class="sc-dcJsrY gzIXVR"
        >
          Product Description
        </div>
        <div
          class="sc-imWYAI iLrRnI"
        >
          <button
            class="sc-gsFSXq bNPfJT"
          >
             Buy $100
          </button>
        </div>
      </div>
    </div>
  </div>,
  "debug": [Function],
  "findAllByAltText": [Function],
  "findAllByDisplayValue": [Function],
  "findAllByLabelText": [Function],
  "findAllByPlaceholderText": [Function],
  "findAllByRole": [Function],
  "findAllByTestId": [Function],
  "findAllByText": [Function],
  "findAllByTitle": [Function],
  "findByAltText": [Function],
  "findByDisplayValue": [Function],
  "findByLabelText": [Function],
  "findByPlaceholderText": [Function],
  "findByRole": [Function],
  "findByTestId": [Function],
  "findByText": [Function],
  "findByTitle": [Function],
  "getAllByAltText": [Function],
  "getAllByDisplayValue": [Function],
  "getAllByLabelText": [Function],
  "getAllByPlaceholderText": [Function],
  "getAllByRole": [Function],
  "getAllByTestId": [Function],
  "getAllByText": [Function],
  "getAllByTitle": [Function],
  "getByAltText": [Function],
  "getByDisplayValue": [Function],
  "getByLabelText": [Function],
  "getByPlaceholderText": [Function],
  "getByRole": [Function],
  "getByTestId": [Function],
  "getByText": [Function],
  "getByTitle": [Function],
  "queryAllByAltText": [Function],
  "queryAllByDisplayValue": [Function],
  "queryAllByLabelText": [Function],
  "queryAllByPlaceholderText": [Function],
  "queryAllByRole": [Function],
  "queryAllByTestId": [Function],
  "queryAllByText": [Function],
  "queryAllByTitle": [Function],
  "queryByAltText": [Function],
  "queryByDisplayValue": [Function],
  "queryByLabelText": [Function],
  "queryByPlaceholderText": [Function],
  "queryByRole": [Function],
  "queryByTestId": [Function],
  "queryByText": [Function],
  "queryByTitle": [Function],
  "rerender": [Function],
  "unmount": [Function],
}
`;
