// Jest Snapshot v1, https://goo.gl/fbAQLP

exports[`CheckoutProduct renders product  name, variant name, and price 1`] = `
Object {
  "asFragment": [Function],
  "baseElement": <body>
    <div>
      <div
        class="sc-aXZVg bBwTRW"
      >
        <img
          class="sc-gEvEer ejGPNF"
          loading="lazy"
          src="image.jpg"
        />
        <div
          class="sc-eqUAAy ibJorR"
        />
        <div
          class="sc-fqkvVR fUlCrx"
        >
          <div
            class="sc-dcJsrY dvLWId"
          >
            Product Name
          </div>
          <div
            class="sc-dcJsrY dvLWId"
          >
            Variant Name
          </div>
          <div
            class="sc-dcJsrY dvLWId"
          >
            <span>
              Price:
            </span>
            $9.99
          </div>
        </div>
      </div>
    </div>
  </body>,
  "container": <div>
    <div
      class="sc-aXZVg bBwTRW"
    >
      <img
        class="sc-gEvEer ejGPNF"
        loading="lazy"
        src="image.jpg"
      />
      <div
        class="sc-eqUAAy ibJorR"
      />
      <div
        class="sc-fqkvVR fUlCrx"
      >
        <div
          class="sc-dcJsrY dvLWId"
        >
          Product Name
        </div>
        <div
          class="sc-dcJsrY dvLWId"
        >
          Variant Name
        </div>
        <div
          class="sc-dcJsrY dvLWId"
        >
          <span>
            Price:
          </span>
          $9.99
        </div>
      </div>
    </div>
  </div>,
  "debug": [Function],
  "findAllByAltText": [Function],
  "findAllByDisplayValue": [Function],
  "findAllByLabelText": [Function],
  "findAllByPlaceholderText": [Function],
  "findAllByRole": [Function],
  "findAllByTestId": [Function],
  "findAllByText": [Function],
  "findAllByTitle": [Function],
  "findByAltText": [Function],
  "findByDisplayValue": [Function],
  "findByLabelText": [Function],
  "findByPlaceholderText": [Function],
  "findByRole": [Function],
  "findByTestId": [Function],
  "findByText": [Function],
  "findByTitle": [Function],
  "getAllByAltText": [Function],
  "getAllByDisplayValue": [Function],
  "getAllByLabelText": [Function],
  "getAllByPlaceholderText": [Function],
  "getAllByRole": [Function],
  "getAllByTestId": [Function],
  "getAllByText": [Function],
  "getAllByTitle": [Function],
  "getByAltText": [Function],
  "getByDisplayValue": [Function],
  "getByLabelText": [Function],
  "getByPlaceholderText": [Function],
  "getByRole": [Function],
  "getByTestId": [Function],
  "getByText": [Function],
  "getByTitle": [Function],
  "queryAllByAltText": [Function],
  "queryAllByDisplayValue": [Function],
  "queryAllByLabelText": [Function],
  "queryAllByPlaceholderText": [Function],
  "queryAllByRole": [Function],
  "queryAllByTestId": [Function],
  "queryAllByText": [Function],
  "queryAllByTitle": [Function],
  "queryByAltText": [Function],
  "queryByDisplayValue": [Function],
  "queryByLabelText": [Function],
  "queryByPlaceholderText": [Function],
  "queryByRole": [Function],
  "queryByTestId": [Function],
  "queryByText": [Function],
  "queryByTitle": [Function],
  "rerender": [Function],
  "unmount": [Function],
}
`;
